Godot Engine v4.6.3.stable.official.7d41c59c4 - https://godotengine.org
D3D12 11_0 - Forward+ - Using Device #0: NVIDIA - NVIDIA GeForce MX110

ERROR: Cannot create tile. The tile is outside the texture or tiles are already present in the space the tile would cover.
   at: create_tile (scene/resources/2d/tile_set.cpp:4985)
ERROR: The TileSetAtlasSource atlas has no tile at (10, 0).
   at: has_alternative_tile (scene/resources/2d/tile_set.cpp:5437)
ERROR: TileSetAtlasSource has no tile at (10, 0).
   at: create_alternative_tile (scene/resources/2d/tile_set.cpp:5385)
ERROR: Cannot create tile. The tile is outside the texture or tiles are already present in the space the tile would cover.
   at: create_tile (scene/resources/2d/tile_set.cpp:4985)
ERROR: The TileSetAtlasSource atlas has no tile at (11, 0).
   at: has_alternative_tile (scene/resources/2d/tile_set.cpp:5437)
ERROR: TileSetAtlasSource has no tile at (11, 0).
   at: create_alternative_tile (scene/resources/2d/tile_set.cpp:5385)
ERROR: Cannot create tile. The tile is outside the texture or tiles are already present in the space the tile would cover.
   at: create_tile (scene/resources/2d/tile_set.cpp:4985)
ERROR: The TileSetAtlasSource atlas has no tile at (12, 0).
   at: has_alternative_tile (scene/resources/2d/tile_set.cpp:5437)
ERROR: TileSetAtlasSource has no tile at (12, 0).
   at: create_alternative_tile (scene/resources/2d/tile_set.cpp:5385)
ERROR: Cannot create tile. The tile is outside the texture or tiles are already present in the space the tile would cover.
   at: create_tile (scene/resources/2d/tile_set.cpp:4985)
ERROR: The TileSetAtlasSource atlas has no tile at (13, 0).
   at: has_alternative_tile (scene/resources/2d/tile_set.cpp:5437)
ERROR: TileSetAtlasSource has no tile at (13, 0).
   at: create_alternative_tile (scene/resources/2d/tile_set.cpp:5385)
ERROR: Cannot create tile. The tile is outside the texture or tiles are already present in the space the tile would cover.
   at: create_tile (scene/resources/2d/tile_set.cpp:4985)
ERROR: The TileSetAtlasSource atlas has no tile at (14, 0).
   at: has_alternative_tile (scene/resources/2d/tile_set.cpp:5437)
ERROR: TileSetAtlasSource has no tile at (14, 0).
   at: create_alternative_tile (scene/resources/2d/tile_set.cpp:5385)
ERROR: Cannot create tile. The tile is outside the texture or tiles are already present in the space the tile would cover.
   at: create_tile (scene/resources/2d/tile_set.cpp:4985)
ERROR: The TileSetAtlasSource atlas has no tile at (15, 0).
   at: has_alternative_tile (scene/resources/2d/tile_set.cpp:5437)
ERROR: TileSetAtlasSource has no tile at (15, 0).
   at: create_alternative_tile (scene/resources/2d/tile_set.cpp:5385)
ERROR: Cannot create tile. The tile is outside the texture or tiles are already present in the space the tile would cover.
   at: create_tile (scene/resources/2d/tile_set.cpp:4985)
ERROR: The TileSetAtlasSource atlas has no tile at (16, 0).
   at: has_alternative_tile (scene/resources/2d/tile_set.cpp:5437)
ERROR: TileSetAtlasSource has no tile at (16, 0).
   at: create_alternative_tile (scene/resources/2d/tile_set.cpp:5385)
ERROR: Cannot create tile. The tile is outside the texture or tiles are already present in the space the tile would cover.
   at: create_tile (scene/resources/2d/tile_set.cpp:4985)
ERROR: The TileSetAtlasSource atlas has no tile at (17, 0).
   at: has_alternative_tile (scene/resources/2d/tile_set.cpp:5437)
ERROR: TileSetAtlasSource has no tile at (17, 0).
   at: create_alternative_tile (scene/resources/2d/tile_set.cpp:5385)
ERROR: Cannot create tile. The tile is outside the texture or tiles are already present in the space the tile would cover.
   at: create_tile (scene/resources/2d/tile_set.cpp:4985)
ERROR: The TileSetAtlasSource atlas has no tile at (18, 0).
   at: has_alternative_tile (scene/resources/2d/tile_set.cpp:5437)
ERROR: TileSetAtlasSource has no tile at (18, 0).
   at: create_alternative_tile (scene/resources/2d/tile_set.cpp:5385)
ERROR: Cannot create tile. The tile is outside the texture or tiles are already present in the space the tile would cover.
   at: create_tile (scene/resources/2d/tile_set.cpp:4985)
ERROR: The TileSetAtlasSource atlas has no tile at (19, 0).
   at: has_alternative_tile (scene/resources/2d/tile_set.cpp:5437)
ERROR: TileSetAtlasSource has no tile at (19, 0).
   at: create_alternative_tile (scene/resources/2d/tile_set.cpp:5385)
ERROR: Cannot create tile. The tile is outside the texture or tiles are already present in the space the tile would cover.
   at: create_tile (scene/resources/2d/tile_set.cpp:4985)
ERROR: The TileSetAtlasSource atlas has no tile at (10, 1).
   at: has_alternative_tile (scene/resources/2d/tile_set.cpp:5437)
ERROR: TileSetAtlasSource has no tile at (10, 1).
   at: create_alternative_tile (scene/resources/2d/tile_set.cpp:5385)
ERROR: Cannot create tile. The tile is outside the texture or tiles are already present in the space the tile would cover.
   at: create_tile (scene/resources/2d/tile_set.cpp:4985)
ERROR: The TileSetAtlasSource atlas has no tile at (11, 1).
   at: has_alternative_tile (scene/resources/2d/tile_set.cpp:5437)
ERROR: TileSetAtlasSource has no tile at (11, 1).
   at: create_alternative_tile (scene/resources/2d/tile_set.cpp:5385)
ERROR: Cannot create tile. The tile is outside the texture or tiles are already present in the space the tile would cover.
   at: create_tile (scene/resources/2d/tile_set.cpp:4985)
ERROR: The TileSetAtlasSource atlas has no tile at (18, 1).
   at: has_alternative_tile (scene/resources/2d/tile_set.cpp:5437)
ERROR: TileSetAtlasSource has no tile at (18, 1).
   at: create_alternative_tile (scene/resources/2d/tile_set.cpp:5385)
ERROR: Cannot create tile. The tile is outside the texture or tiles are already present in the space the tile would cover.
   at: create_tile (scene/resources/2d/tile_set.cpp:4985)
ERROR: The TileSetAtlasSource atlas has no tile at (19, 1).
   at: has_alternative_tile (scene/resources/2d/tile_set.cpp:5437)
ERROR: TileSetAtlasSource has no tile at (19, 1).
   at: create_alternative_tile (scene/resources/2d/tile_set.cpp:5385)
ERROR: Cannot create tile. The tile is outside the texture or tiles are already present in the space the tile would cover.
   at: create_tile (scene/resources/2d/tile_set.cpp:4985)
ERROR: The TileSetAtlasSource atlas has no tile at (10, 2).
   at: has_alternative_tile (scene/resources/2d/tile_set.cpp:5437)
ERROR: TileSetAtlasSource has no tile at (10, 2).
   at: create_alternative_tile (scene/resources/2d/tile_set.cpp:5385)
ERROR: Cannot create tile. The tile is outside the texture or tiles are already present in the space the tile would cover.
   at: create_tile (scene/resources/2d/tile_set.cpp:4985)
ERROR: The TileSetAtlasSource atlas has no tile at (11, 2).
   at: has_alternative_tile (scene/resources/2d/tile_set.cpp:5437)
ERROR: TileSetAtlasSource has no tile at (11, 2).
   at: create_alternative_tile (scene/resources/2d/tile_set.cpp:5385)
ERROR: Cannot create tile. The tile is outside the texture or tiles are already present in the space the tile would cover.
   at: create_tile (scene/resources/2d/tile_set.cpp:4985)
ERROR: The TileSetAtlasSource atlas has no tile at (12, 2).
   at: has_alternative_tile (scene/resources/2d/tile_set.cpp:5437)
ERROR: TileSetAtlasSource has no tile at (12, 2).
   at: create_alternative_tile (scene/resources/2d/tile_set.cpp:5385)
ERROR: Cannot create tile. The tile is outside the texture or tiles are already present in the space the tile would cover.
   at: create_tile (scene/resources/2d/tile_set.cpp:4985)
ERROR: The TileSetAtlasSource atlas has no tile at (13, 2).
   at: has_alternative_tile (scene/resources/2d/tile_set.cpp:5437)
ERROR: TileSetAtlasSource has no tile at (13, 2).
   at: create_alternative_tile (scene/resources/2d/tile_set.cpp:5385)
ERROR: Cannot create tile. The tile is outside the texture or tiles are already present in the space the tile would cover.
   at: create_tile (scene/resources/2d/tile_set.cpp:4985)
ERROR: The TileSetAtlasSource atlas has no tile at (14, 2).
   at: has_alternative_tile (scene/resources/2d/tile_set.cpp:5437)
ERROR: TileSetAtlasSource has no tile at (14, 2).
   at: create_alternative_tile (scene/resources/2d/tile_set.cpp:5385)
ERROR: Cannot create tile. The tile is outside the texture or tiles are already present in the space the tile would cover.
   at: create_tile (scene/resources/2d/tile_set.cpp:4985)
ERROR: The TileSetAtlasSource atlas has no tile at (15, 2).
   at: has_alternative_tile (scene/resources/2d/tile_set.cpp:5437)
ERROR: TileSetAtlasSource has no tile at (15, 2).
   at: create_alternative_tile (scene/resources/2d/tile_set.cpp:5385)
ERROR: Cannot create tile. The tile is outside the texture or tiles are already present in the space the tile would cover.
   at: create_tile (scene/resources/2d/tile_set.cpp:4985)
ERROR: The TileSetAtlasSource atlas has no tile at (16, 2).
   at: has_alternative_tile (scene/resources/2d/tile_set.cpp:5437)
ERROR: TileSetAtlasSource has no tile at (16, 2).
   at: create_alternative_tile (scene/resources/2d/tile_set.cpp:5385)
ERROR: Cannot create tile. The tile is outside the texture or tiles are already present in the space the tile would cover.
   at: create_tile (scene/resources/2d/tile_set.cpp:4985)
ERROR: The TileSetAtlasSource atlas has no tile at (17, 2).
   at: has_alternative_tile (scene/resources/2d/tile_set.cpp:5437)
ERROR: TileSetAtlasSource has no tile at (17, 2).
   at: create_alternative_tile (scene/resources/2d/tile_set.cpp:5385)
ERROR: Cannot create tile. The tile is outside the texture or tiles are already present in the space the tile would cover.
   at: create_tile (scene/resources/2d/tile_set.cpp:4985)
ERROR: The TileSetAtlasSource atlas has no tile at (18, 2).
   at: has_alternative_tile (scene/resources/2d/tile_set.cpp:5437)
ERROR: TileSetAtlasSource has no tile at (18, 2).
   at: create_alternative_tile (scene/resources/2d/tile_set.cpp:5385)
ERROR: Cannot create tile. The tile is outside the texture or tiles are already present in the space the tile would cover.
   at: create_tile (scene/resources/2d/tile_set.cpp:4985)
ERROR: The TileSetAtlasSource atlas has no tile at (19, 2).
   at: has_alternative_tile (scene/resources/2d/tile_set.cpp:5437)
ERROR: TileSetAtlasSource has no tile at (19, 2).
   at: create_alternative_tile (scene/resources/2d/tile_set.cpp:5385)
ERROR: Cannot create tile. The tile is outside the texture or tiles are already present in the space the tile would cover.
   at: create_tile (scene/resources/2d/tile_set.cpp:4985)
ERROR: The TileSetAtlasSource atlas has no tile at (10, 3).
   at: has_alternative_tile (scene/resources/2d/tile_set.cpp:5437)
ERROR: TileSetAtlasSource has no tile at (10, 3).
   at: create_alternative_tile (scene/resources/2d/tile_set.cpp:5385)
ERROR: Cannot create tile. The tile is outside the texture or tiles are already present in the space the tile would cover.
   at: create_tile (scene/resources/2d/tile_set.cpp:4985)
ERROR: The TileSetAtlasSource atlas has no tile at (11, 3).
   at: has_alternative_tile (scene/resources/2d/tile_set.cpp:5437)
ERROR: TileSetAtlasSource has no tile at (11, 3).
   at: create_alternative_tile (scene/resources/2d/tile_set.cpp:5385)
ERROR: Cannot create tile. The tile is outside the texture or tiles are already present in the space the tile would cover.
   at: create_tile (scene/resources/2d/tile_set.cpp:4985)
ERROR: The TileSetAtlasSource atlas has no tile at (12, 3).
   at: has_alternative_tile (scene/resources/2d/tile_set.cpp:5437)
ERROR: TileSetAtlasSource has no tile at (12, 3).
   at: create_alternative_tile (scene/resources/2d/tile_set.cpp:5385)
ERROR: Cannot create tile. The tile is outside the texture or tiles are already present in the space the tile would cover.
   at: create_tile (scene/resources/2d/tile_set.cpp:4985)
ERROR: The TileSetAtlasSource atlas has no tile at (13, 3).
   at: has_alternative_tile (scene/resources/2d/tile_set.cpp:5437)
ERROR: TileSetAtlasSource has no tile at (13, 3).
   at: create_alternative_tile (scene/resources/2d/tile_set.cpp:5385)
ERROR: Cannot create tile. The tile is outside the texture or tiles are already present in the space the tile would cover.
   at: create_tile (scene/resources/2d/tile_set.cpp:4985)
ERROR: The TileSetAtlasSource atlas has no tile at (14, 3).
   at: has_alternative_tile (scene/resources/2d/tile_set.cpp:5437)
ERROR: TileSetAtlasSource has no tile at (14, 3).
   at: create_alternative_tile (scene/resources/2d/tile_set.cpp:5385)
ERROR: Cannot create tile. The tile is outside the texture or tiles are already present in the space the tile would cover.
   at: create_tile (scene/resources/2d/tile_set.cpp:4985)
ERROR: The TileSetAtlasSource atlas has no tile at (15, 3).
   at: has_alternative_tile (scene/resources/2d/tile_set.cpp:5437)
ERROR: TileSetAtlasSource has no tile at (15, 3).
   at: create_alternative_tile (scene/resources/2d/tile_set.cpp:5385)
ERROR: Cannot create tile. The tile is outside the texture or tiles are already present in the space the tile would cover.
   at: create_tile (scene/resources/2d/tile_set.cpp:4985)
ERROR: The TileSetAtlasSource atlas has no tile at (16, 3).
   at: has_alternative_tile (scene/resources/2d/tile_set.cpp:5437)
ERROR: TileSetAtlasSource has no tile at (16, 3).
   at: create_alternative_tile (scene/resources/2d/tile_set.cpp:5385)
ERROR: Cannot create tile. The tile is outside the texture or tiles are already present in the space the tile would cover.
   at: create_tile (scene/resources/2d/tile_set.cpp:4985)
ERROR: The TileSetAtlasSource atlas has no tile at (17, 3).
   at: has_alternative_tile (scene/resources/2d/tile_set.cpp:5437)
ERROR: TileSetAtlasSource has no tile at (17, 3).
   at: create_alternative_tile (scene/resources/2d/tile_set.cpp:5385)
ERROR: Cannot create tile. The tile is outside the texture or tiles are already present in the space the tile would cover.
   at: create_tile (scene/resources/2d/tile_set.cpp:4985)
ERROR: The TileSetAtlasSource atlas has no tile at (18, 3).
   at: has_alternative_tile (scene/resources/2d/tile_set.cpp:5437)
ERROR: TileSetAtlasSource has no tile at (18, 3).
   at: create_alternative_tile (scene/resources/2d/tile_set.cpp:5385)
ERROR: Cannot create tile. The tile is outside the texture or tiles are already present in the space the tile would cover.
   at: create_tile (scene/resources/2d/tile_set.cpp:4985)
ERROR: The TileSetAtlasSource atlas has no tile at (19, 3).
   at: has_alternative_tile (scene/resources/2d/tile_set.cpp:5437)
ERROR: TileSetAtlasSource has no tile at (19, 3).
   at: create_alternative_tile (scene/resources/2d/tile_set.cpp:5385)
ERROR: Cannot create tile. The tile is outside the texture or tiles are already present in the space the tile would cover.
   at: create_tile (scene/resources/2d/tile_set.cpp:4985)
ERROR: The TileSetAtlasSource atlas has no tile at (10, 4).
   at: has_alternative_tile (scene/resources/2d/tile_set.cpp:5437)
ERROR: TileSetAtlasSource has no tile at (10, 4).
   at: create_alternative_tile (scene/resources/2d/tile_set.cpp:5385)
ERROR: Cannot create tile. The tile is outside the texture or tiles are already present in the space the tile would cover.
   at: create_tile (scene/resources/2d/tile_set.cpp:4985)
ERROR: The TileSetAtlasSource atlas has no tile at (11, 4).
   at: has_alternative_tile (scene/resources/2d/tile_set.cpp:5437)
ERROR: TileSetAtlasSource has no tile at (11, 4).
   at: create_alternative_tile (scene/resources/2d/tile_set.cpp:5385)
ERROR: Cannot create tile. The tile is outside the texture or tiles are already present in the space the tile would cover.
   at: create_tile (scene/resources/2d/tile_set.cpp:4985)
ERROR: The TileSetAtlasSource atlas has no tile at (12, 4).
   at: has_alternative_tile (scene/resources/2d/tile_set.cpp:5437)
ERROR: TileSetAtlasSource has no tile at (12, 4).
   at: create_alternative_tile (scene/resources/2d/tile_set.cpp:5385)
ERROR: Cannot create tile. The tile is outside the texture or tiles are already present in the space the tile would cover.
   at: create_tile (scene/resources/2d/tile_set.cpp:4985)
ERROR: The TileSetAtlasSource atlas has no tile at (13, 4).
   at: has_alternative_tile (scene/resources/2d/tile_set.cpp:5437)
ERROR: TileSetAtlasSource has no tile at (13, 4).
   at: create_alternative_tile (scene/resources/2d/tile_set.cpp:5385)
ERROR: Cannot create tile. The tile is outside the texture or tiles are already present in the space the tile would cover.
   at: create_tile (scene/resources/2d/tile_set.cpp:4985)
ERROR: The TileSetAtlasSource atlas has no tile at (14, 4).
   at: has_alternative_tile (scene/resources/2d/tile_set.cpp:5437)
ERROR: TileSetAtlasSource has no tile at (14, 4).
   at: create_alternative_tile (scene/resources/2d/tile_set.cpp:5385)
ERROR: Cannot create tile. The tile is outside the texture or tiles are already present in the space the tile would cover.
   at: create_tile (scene/resources/2d/tile_set.cpp:4985)
ERROR: The TileSetAtlasSource atlas has no tile at (15, 4).
   at: has_alternative_tile (scene/resources/2d/tile_set.cpp:5437)
ERROR: TileSetAtlasSource has no tile at (15, 4).
   at: create_alternative_tile (scene/resources/2d/tile_set.cpp:5385)
ERROR: Cannot create tile. The tile is outside the texture or tiles are already present in the space the tile would cover.
   at: create_tile (scene/resources/2d/tile_set.cpp:4985)
ERROR: The TileSetAtlasSource atlas has no tile at (16, 4).
   at: has_alternative_tile (scene/resources/2d/tile_set.cpp:5437)
ERROR: TileSetAtlasSource has no tile at (16, 4).
   at: create_alternative_tile (scene/resources/2d/tile_set.cpp:5385)
ERROR: Cannot create tile. The tile is outside the texture or tiles are already present in the space the tile would cover.
   at: create_tile (scene/resources/2d/tile_set.cpp:4985)
ERROR: The TileSetAtlasSource atlas has no tile at (17, 4).
   at: has_alternative_tile (scene/resources/2d/tile_set.cpp:5437)
ERROR: TileSetAtlasSource has no tile at (17, 4).
   at: create_alternative_tile (scene/resources/2d/tile_set.cpp:5385)
ERROR: Cannot create tile. The tile is outside the texture or tiles are already present in the space the tile would cover.
   at: create_tile (scene/resources/2d/tile_set.cpp:4985)
ERROR: The TileSetAtlasSource atlas has no tile at (18, 4).
   at: has_alternative_tile (scene/resources/2d/tile_set.cpp:5437)
ERROR: TileSetAtlasSource has no tile at (18, 4).
   at: create_alternative_tile (scene/resources/2d/tile_set.cpp:5385)
ERROR: Cannot create tile. The tile is outside the texture or tiles are already present in the space the tile would cover.
   at: create_tile (scene/resources/2d/tile_set.cpp:4985)
ERROR: The TileSetAtlasSource atlas has no tile at (19, 4).
   at: has_alternative_tile (scene/resources/2d/tile_set.cpp:5437)
ERROR: TileSetAtlasSource has no tile at (19, 4).
   at: create_alternative_tile (scene/resources/2d/tile_set.cpp:5385)
ERROR: Cannot create tile. The tile is outside the texture or tiles are already present in the space the tile would cover.
   at: create_tile (scene/resources/2d/tile_set.cpp:4985)
ERROR: The TileSetAtlasSource atlas has no tile at (10, 5).
   at: has_alternative_tile (scene/resources/2d/tile_set.cpp:5437)
ERROR: TileSetAtlasSource has no tile at (10, 5).
   at: create_alternative_tile (scene/resources/2d/tile_set.cpp:5385)
ERROR: Cannot create tile. The tile is outside the texture or tiles are already present in the space the tile would cover.
   at: create_tile (scene/resources/2d/tile_set.cpp:4985)
ERROR: The TileSetAtlasSource atlas has no tile at (11, 5).
   at: has_alternative_tile (scene/resources/2d/tile_set.cpp:5437)
ERROR: TileSetAtlasSource has no tile at (11, 5).
   at: create_alternative_tile (scene/resources/2d/tile_set.cpp:5385)
ERROR: Cannot create tile. The tile is outside the texture or tiles are already present in the space the tile would cover.
   at: create_tile (scene/resources/2d/tile_set.cpp:4985)
ERROR: The TileSetAtlasSource atlas has no tile at (12, 5).
   at: has_alternative_tile (scene/resources/2d/tile_set.cpp:5437)
ERROR: TileSetAtlasSource has no tile at (12, 5).
   at: create_alternative_tile (scene/resources/2d/tile_set.cpp:5385)
ERROR: Cannot create tile. The tile is outside the texture or tiles are already present in the space the tile would cover.
   at: create_tile (scene/resources/2d/tile_set.cpp:4985)
ERROR: The TileSetAtlasSource atlas has no tile at (13, 5).
   at: has_alternative_tile (scene/resources/2d/tile_set.cpp:5437)
ERROR: TileSetAtlasSource has no tile at (13, 5).
   at: create_alternative_tile (scene/resources/2d/tile_set.cpp:5385)
ERROR: Cannot create tile. The tile is outside the texture or tiles are already present in the space the tile would cover.
   at: create_tile (scene/resources/2d/tile_set.cpp:4985)
ERROR: The TileSetAtlasSource atlas has no tile at (14, 5).
   at: has_alternative_tile (scene/resources/2d/tile_set.cpp:5437)
ERROR: TileSetAtlasSource has no tile at (14, 5).
   at: create_alternative_tile (scene/resources/2d/tile_set.cpp:5385)
ERROR: Cannot create tile. The tile is outside the texture or tiles are already present in the space the tile would cover.
   at: create_tile (scene/resources/2d/tile_set.cpp:4985)
ERROR: The TileSetAtlasSource atlas has no tile at (15, 5).
   at: has_alternative_tile (scene/resources/2d/tile_set.cpp:5437)
ERROR: TileSetAtlasSource has no tile at (15, 5).
   at: create_alternative_tile (scene/resources/2d/tile_set.cpp:5385)
ERROR: Cannot create tile. The tile is outside the texture or tiles are already present in the space the tile would cover.
   at: create_tile (scene/resources/2d/tile_set.cpp:4985)
ERROR: The TileSetAtlasSource atlas has no tile at (16, 5).
   at: has_alternative_tile (scene/resources/2d/tile_set.cpp:5437)
ERROR: TileSetAtlasSource has no tile at (16, 5).
   at: create_alternative_tile (scene/resources/2d/tile_set.cpp:5385)
ERROR: Cannot create tile. The tile is outside the texture or tiles are already present in the space the tile would cover.
   at: create_tile (scene/resources/2d/tile_set.cpp:4985)
ERROR: The TileSetAtlasSource atlas has no tile at (17, 5).
   at: has_alternative_tile (scene/resources/2d/tile_set.cpp:5437)
ERROR: TileSetAtlasSource has no tile at (17, 5).
   at: create_alternative_tile (scene/resources/2d/tile_set.cpp:5385)
ERROR: Cannot create tile. The tile is outside the texture or tiles are already present in the space the tile would cover.
   at: create_tile (scene/resources/2d/tile_set.cpp:4985)
ERROR: The TileSetAtlasSource atlas has no tile at (18, 5).
   at: has_alternative_tile (scene/resources/2d/tile_set.cpp:5437)
ERROR: TileSetAtlasSource has no tile at (18, 5).
   at: create_alternative_tile (scene/resources/2d/tile_set.cpp:5385)
ERROR: Cannot create tile. The tile is outside the texture or tiles are already present in the space the tile would cover.
   at: create_tile (scene/resources/2d/tile_set.cpp:4985)
ERROR: The TileSetAtlasSource atlas has no tile at (19, 5).
   at: has_alternative_tile (scene/resources/2d/tile_set.cpp:5437)
ERROR: TileSetAtlasSource has no tile at (19, 5).
   at: create_alternative_tile (scene/resources/2d/tile_set.cpp:5385)
ERROR: Cannot create tile. The tile is outside the texture or tiles are already present in the space the tile would cover.
   at: create_tile (scene/resources/2d/tile_set.cpp:4985)
ERROR: The TileSetAtlasSource atlas has no tile at (0, 6).
   at: has_alternative_tile (scene/resources/2d/tile_set.cpp:5437)
ERROR: TileSetAtlasSource has no tile at (0, 6).
   at: create_alternative_tile (scene/resources/2d/tile_set.cpp:5385)
ERROR: Cannot create tile. The tile is outside the texture or tiles are already present in the space the tile would cover.
   at: create_tile (scene/resources/2d/tile_set.cpp:4985)
ERROR: The TileSetAtlasSource atlas has no tile at (1, 6).
   at: has_alternative_tile (scene/resources/2d/tile_set.cpp:5437)
ERROR: TileSetAtlasSource has no tile at (1, 6).
   at: create_alternative_tile (scene/resources/2d/tile_set.cpp:5385)
ERROR: Cannot create tile. The tile is outside the texture or tiles are already present in the space the tile would cover.
   at: create_tile (scene/resources/2d/tile_set.cpp:4985)
ERROR: The TileSetAtlasSource atlas has no tile at (2, 6).
   at: has_alternative_tile (scene/resources/2d/tile_set.cpp:5437)
ERROR: TileSetAtlasSource has no tile at (2, 6).
   at: create_alternative_tile (scene/resources/2d/tile_set.cpp:5385)
ERROR: Cannot create tile. The tile is outside the texture or tiles are already present in the space the tile would cover.
   at: create_tile (scene/resources/2d/tile_set.cpp:4985)
ERROR: The TileSetAtlasSource atlas has no tile at (3, 6).
   at: has_alternative_tile (scene/resources/2d/tile_set.cpp:5437)
ERROR: TileSetAtlasSource has no tile at (3, 6).
   at: create_alternative_tile (scene/resources/2d/tile_set.cpp:5385)
ERROR: Cannot create tile. The tile is outside the texture or tiles are already present in the space the tile would cover.
   at: create_tile (scene/resources/2d/tile_set.cpp:4985)
ERROR: The TileSetAtlasSource atlas has no tile at (4, 6).
   at: has_alternative_tile (scene/resources/2d/tile_set.cpp:5437)
ERROR: TileSetAtlasSource has no tile at (4, 6).
   at: create_alternative_tile (scene/resources/2d/tile_set.cpp:5385)
ERROR: Cannot create tile. The tile is outside the texture or tiles are already present in the space the tile would cover.
   at: create_tile (scene/resources/2d/tile_set.cpp:4985)
ERROR: The TileSetAtlasSource atlas has no tile at (5, 6).
   at: has_alternative_tile (scene/resources/2d/tile_set.cpp:5437)
ERROR: TileSetAtlasSource has no tile at (5, 6).
   at: create_alternative_tile (scene/resources/2d/tile_set.cpp:5385)
ERROR: Cannot create tile. The tile is outside the texture or tiles are already present in the space the tile would cover.
   at: create_tile (scene/resources/2d/tile_set.cpp:4985)
ERROR: The TileSetAtlasSource atlas has no tile at (6, 6).
   at: has_alternative_tile (scene/resources/2d/tile_set.cpp:5437)
ERROR: TileSetAtlasSource has no tile at (6, 6).
   at: create_alternative_tile (scene/resources/2d/tile_set.cpp:5385)
ERROR: Cannot create tile. The tile is outside the texture or tiles are already present in the space the tile would cover.
   at: create_tile (scene/resources/2d/tile_set.cpp:4985)
ERROR: The TileSetAtlasSource atlas has no tile at (7, 6).
   at: has_alternative_tile (scene/resources/2d/tile_set.cpp:5437)
ERROR: TileSetAtlasSource has no tile at (7, 6).
   at: create_alternative_tile (scene/resources/2d/tile_set.cpp:5385)
ERROR: Cannot create tile. The tile is outside the texture or tiles are already present in the space the tile would cover.
   at: create_tile (scene/resources/2d/tile_set.cpp:4985)
ERROR: The TileSetAtlasSource atlas has no tile at (8, 6).
   at: has_alternative_tile (scene/resources/2d/tile_set.cpp:5437)
ERROR: TileSetAtlasSource has no tile at (8, 6).
   at: create_alternative_tile (scene/resources/2d/tile_set.cpp:5385)
ERROR: Cannot create tile. The tile is outside the texture or tiles are already present in the space the tile would cover.
   at: create_tile (scene/resources/2d/tile_set.cpp:4985)
ERROR: The TileSetAtlasSource atlas has no tile at (9, 6).
   at: has_alternative_tile (scene/resources/2d/tile_set.cpp:5437)
ERROR: TileSetAtlasSource has no tile at (9, 6).
   at: create_alternative_tile (scene/resources/2d/tile_set.cpp:5385)
ERROR: Cannot create tile. The tile is outside the texture or tiles are already present in the space the tile would cover.
   at: create_tile (scene/resources/2d/tile_set.cpp:4985)
ERROR: The TileSetAtlasSource atlas has no tile at (10, 6).
   at: has_alternative_tile (scene/resources/2d/tile_set.cpp:5437)
ERROR: TileSetAtlasSource has no tile at (10, 6).
   at: create_alternative_tile (scene/resources/2d/tile_set.cpp:5385)
ERROR: Cannot create tile. The tile is outside the texture or tiles are already present in the space the tile would cover.
   at: create_tile (scene/resources/2d/tile_set.cpp:4985)
ERROR: The TileSetAtlasSource atlas has no tile at (11, 6).
   at: has_alternative_tile (scene/resources/2d/tile_set.cpp:5437)
ERROR: TileSetAtlasSource has no tile at (11, 6).
   at: create_alternative_tile (scene/resources/2d/tile_set.cpp:5385)
ERROR: Cannot create tile. The tile is outside the texture or tiles are already present in the space the tile would cover.
   at: create_tile (scene/resources/2d/tile_set.cpp:4985)
ERROR: The TileSetAtlasSource atlas has no tile at (12, 6).
   at: has_alternative_tile (scene/resources/2d/tile_set.cpp:5437)
ERROR: TileSetAtlasSource has no tile at (12, 6).
   at: create_alternative_tile (scene/resources/2d/tile_set.cpp:5385)
ERROR: Cannot create tile. The tile is outside the texture or tiles are already present in the space the tile would cover.
   at: create_tile (scene/resources/2d/tile_set.cpp:4985)
ERROR: The TileSetAtlasSource atlas has no tile at (13, 6).
   at: has_alternative_tile (scene/resources/2d/tile_set.cpp:5437)
ERROR: TileSetAtlasSource has no tile at (13, 6).
   at: create_alternative_tile (scene/resources/2d/tile_set.cpp:5385)
ERROR: Cannot create tile. The tile is outside the texture or tiles are already present in the space the tile would cover.
   at: create_tile (scene/resources/2d/tile_set.cpp:4985)
ERROR: The TileSetAtlasSource atlas has no tile at (14, 6).
   at: has_alternative_tile (scene/resources/2d/tile_set.cpp:5437)
ERROR: TileSetAtlasSource has no tile at (14, 6).
   at: create_alternative_tile (scene/resources/2d/tile_set.cpp:5385)
ERROR: Cannot create tile. The tile is outside the texture or tiles are already present in the space the tile would cover.
   at: create_tile (scene/resources/2d/tile_set.cpp:4985)
ERROR: The TileSetAtlasSource atlas has no tile at (15, 6).
   at: has_alternative_tile (scene/resources/2d/tile_set.cpp:5437)
ERROR: TileSetAtlasSource has no tile at (15, 6).
   at: create_alternative_tile (scene/resources/2d/tile_set.cpp:5385)
ERROR: Cannot create tile. The tile is outside the texture or tiles are already present in the space the tile would cover.
   at: create_tile (scene/resources/2d/tile_set.cpp:4985)
ERROR: The TileSetAtlasSource atlas has no tile at (16, 6).
   at: has_alternative_tile (scene/resources/2d/tile_set.cpp:5437)
ERROR: TileSetAtlasSource has no tile at (16, 6).
   at: create_alternative_tile (scene/resources/2d/tile_set.cpp:5385)
ERROR: Cannot create tile. The tile is outside the texture or tiles are already present in the space the tile would cover.
   at: create_tile (scene/resources/2d/tile_set.cpp:4985)
ERROR: The TileSetAtlasSource atlas has no tile at (17, 6).
   at: has_alternative_tile (scene/resources/2d/tile_set.cpp:5437)
ERROR: TileSetAtlasSource has no tile at (17, 6).
   at: create_alternative_tile (scene/resources/2d/tile_set.cpp:5385)
ERROR: Cannot create tile. The tile is outside the texture or tiles are already present in the space the tile would cover.
   at: create_tile (scene/resources/2d/tile_set.cpp:4985)
ERROR: The TileSetAtlasSource atlas has no tile at (18, 6).
   at: has_alternative_tile (scene/resources/2d/tile_set.cpp:5437)
ERROR: TileSetAtlasSource has no tile at (18, 6).
   at: create_alternative_tile (scene/resources/2d/tile_set.cpp:5385)
ERROR: Cannot create tile. The tile is outside the texture or tiles are already present in the space the tile would cover.
   at: create_tile (scene/resources/2d/tile_set.cpp:4985)
ERROR: The TileSetAtlasSource atlas has no tile at (19, 6).
   at: has_alternative_tile (scene/resources/2d/tile_set.cpp:5437)
ERROR: TileSetAtlasSource has no tile at (19, 6).
   at: create_alternative_tile (scene/resources/2d/tile_set.cpp:5385)
ERROR: Cannot create tile. The tile is outside the texture or tiles are already present in the space the tile would cover.
   at: create_tile (scene/resources/2d/tile_set.cpp:4985)
ERROR: The TileSetAtlasSource atlas has no tile at (0, 7).
   at: has_alternative_tile (scene/resources/2d/tile_set.cpp:5437)
ERROR: TileSetAtlasSource has no tile at (0, 7).
   at: create_alternative_tile (scene/resources/2d/tile_set.cpp:5385)
ERROR: Cannot create tile. The tile is outside the texture or tiles are already present in the space the tile would cover.
   at: create_tile (scene/resources/2d/tile_set.cpp:4985)
ERROR: The TileSetAtlasSource atlas has no tile at (1, 7).
   at: has_alternative_tile (scene/resources/2d/tile_set.cpp:5437)
ERROR: TileSetAtlasSource has no tile at (1, 7).
   at: create_alternative_tile (scene/resources/2d/tile_set.cpp:5385)
ERROR: Cannot create tile. The tile is outside the texture or tiles are already present in the space the tile would cover.
   at: create_tile (scene/resources/2d/tile_set.cpp:4985)
ERROR: The TileSetAtlasSource atlas has no tile at (2, 7).
   at: has_alternative_tile (scene/resources/2d/tile_set.cpp:5437)
ERROR: TileSetAtlasSource has no tile at (2, 7).
   at: create_alternative_tile (scene/resources/2d/tile_set.cpp:5385)
ERROR: Cannot create tile. The tile is outside the texture or tiles are already present in the space the tile would cover.
   at: create_tile (scene/resources/2d/tile_set.cpp:4985)
ERROR: The TileSetAtlasSource atlas has no tile at (3, 7).
   at: has_alternative_tile (scene/resources/2d/tile_set.cpp:5437)
ERROR: TileSetAtlasSource has no tile at (3, 7).
   at: create_alternative_tile (scene/resources/2d/tile_set.cpp:5385)
ERROR: Cannot create tile. The tile is outside the texture or tiles are already present in the space the tile would cover.
   at: create_tile (scene/resources/2d/tile_set.cpp:4985)
ERROR: The TileSetAtlasSource atlas has no tile at (4, 7).
   at: has_alternative_tile (scene/resources/2d/tile_set.cpp:5437)
ERROR: TileSetAtlasSource has no tile at (4, 7).
   at: create_alternative_tile (scene/resources/2d/tile_set.cpp:5385)
ERROR: Cannot create tile. The tile is outside the texture or tiles are already present in the space the tile would cover.
   at: create_tile (scene/resources/2d/tile_set.cpp:4985)
ERROR: The TileSetAtlasSource atlas has no tile at (5, 7).
   at: has_alternative_tile (scene/resources/2d/tile_set.cpp:5437)
ERROR: TileSetAtlasSource has no tile at (5, 7).
   at: create_alternative_tile (scene/resources/2d/tile_set.cpp:5385)
ERROR: Cannot create tile. The tile is outside the texture or tiles are already present in the space the tile would cover.
   at: create_tile (scene/resources/2d/tile_set.cpp:4985)
ERROR: The TileSetAtlasSource atlas has no tile at (6, 7).
   at: has_alternative_tile (scene/resources/2d/tile_set.cpp:5437)
ERROR: TileSetAtlasSource has no tile at (6, 7).
   at: create_alternative_tile (scene/resources/2d/tile_set.cpp:5385)
ERROR: Cannot create tile. The tile is outside the texture or tiles are already present in the space the tile would cover.
   at: create_tile (scene/resources/2d/tile_set.cpp:4985)
ERROR: The TileSetAtlasSource atlas has no tile at (7, 7).
   at: has_alternative_tile (scene/resources/2d/tile_set.cpp:5437)
ERROR: TileSetAtlasSource has no tile at (7, 7).
   at: create_alternative_tile (scene/resources/2d/tile_set.cpp:5385)
ERROR: Cannot create tile. The tile is outside the texture or tiles are already present in the space the tile would cover.
   at: create_tile (scene/resources/2d/tile_set.cpp:4985)
ERROR: The TileSetAtlasSource atlas has no tile at (8, 7).
   at: has_alternative_tile (scene/resources/2d/tile_set.cpp:5437)
ERROR: TileSetAtlasSource has no tile at (8, 7).
   at: create_alternative_tile (scene/resources/2d/tile_set.cpp:5385)
ERROR: Cannot create tile. The tile is outside the texture or tiles are already present in the space the tile would cover.
   at: create_tile (scene/resources/2d/tile_set.cpp:4985)
ERROR: The TileSetAtlasSource atlas has no tile at (9, 7).
   at: has_alternative_tile (scene/resources/2d/tile_set.cpp:5437)
ERROR: TileSetAtlasSource has no tile at (9, 7).
   at: create_alternative_tile (scene/resources/2d/tile_set.cpp:5385)
ERROR: Cannot create tile. The tile is outside the texture or tiles are already present in the space the tile would cover.
   at: create_tile (scene/resources/2d/tile_set.cpp:4985)
ERROR: The TileSetAtlasSource atlas has no tile at (10, 7).
   at: has_alternative_tile (scene/resources/2d/tile_set.cpp:5437)
ERROR: TileSetAtlasSource has no tile at (10, 7).
   at: create_alternative_tile (scene/resources/2d/tile_set.cpp:5385)
ERROR: Cannot create tile. The tile is outside the texture or tiles are already present in the space the tile would cover.
   at: create_tile (scene/resources/2d/tile_set.cpp:4985)
ERROR: The TileSetAtlasSource atlas has no tile at (11, 7).
   at: has_alternative_tile (scene/resources/2d/tile_set.cpp:5437)
ERROR: TileSetAtlasSource has no tile at (11, 7).
   at: create_alternative_tile (scene/resources/2d/tile_set.cpp:5385)
ERROR: Cannot create tile. The tile is outside the texture or tiles are already present in the space the tile would cover.
   at: create_tile (scene/resources/2d/tile_set.cpp:4985)
ERROR: The TileSetAtlasSource atlas has no tile at (12, 7).
   at: has_alternative_tile (scene/resources/2d/tile_set.cpp:5437)
ERROR: TileSetAtlasSource has no tile at (12, 7).
   at: create_alternative_tile (scene/resources/2d/tile_set.cpp:5385)
ERROR: Cannot create tile. The tile is outside the texture or tiles are already present in the space the tile would cover.
   at: create_tile (scene/resources/2d/tile_set.cpp:4985)
ERROR: The TileSetAtlasSource atlas has no tile at (13, 7).
   at: has_alternative_tile (scene/resources/2d/tile_set.cpp:5437)
ERROR: TileSetAtlasSource has no tile at (13, 7).
   at: create_alternative_tile (scene/resources/2d/tile_set.cpp:5385)
ERROR: Cannot create tile. The tile is outside the texture or tiles are already present in the space the tile would cover.
   at: create_tile (scene/resources/2d/tile_set.cpp:4985)
ERROR: The TileSetAtlasSource atlas has no tile at (14, 7).
   at: has_alternative_tile (scene/resources/2d/tile_set.cpp:5437)
ERROR: TileSetAtlasSource has no tile at (14, 7).
   at: create_alternative_tile (scene/resources/2d/tile_set.cpp:5385)
ERROR: Cannot create tile. The tile is outside the texture or tiles are already present in the space the tile would cover.
   at: create_tile (scene/resources/2d/tile_set.cpp:4985)
ERROR: The TileSetAtlasSource atlas has no tile at (15, 7).
   at: has_alternative_tile (scene/resources/2d/tile_set.cpp:5437)
ERROR: TileSetAtlasSource has no tile at (15, 7).
   at: create_alternative_tile (scene/resources/2d/tile_set.cpp:5385)
ERROR: Cannot create tile. The tile is outside the texture or tiles are already present in the space the tile would cover.
   at: create_tile (scene/resources/2d/tile_set.cpp:4985)
ERROR: The TileSetAtlasSource atlas has no tile at (18, 7).
   at: has_alternative_tile (scene/resources/2d/tile_set.cpp:5437)
ERROR: TileSetAtlasSource has no tile at (18, 7).
   at: create_alternative_tile (scene/resources/2d/tile_set.cpp:5385)
ERROR: Cannot create tile. The tile is outside the texture or tiles are already present in the space the tile would cover.
   at: create_tile (scene/resources/2d/tile_set.cpp:4985)
ERROR: The TileSetAtlasSource atlas has no tile at (19, 7).
   at: has_alternative_tile (scene/resources/2d/tile_set.cpp:5437)
ERROR: TileSetAtlasSource has no tile at (19, 7).
   at: create_alternative_tile (scene/resources/2d/tile_set.cpp:5385)
ERROR: Cannot create tile. The tile is outside the texture or tiles are already present in the space the tile would cover.
   at: create_tile (scene/resources/2d/tile_set.cpp:4985)
ERROR: The TileSetAtlasSource atlas has no tile at (0, 8).
   at: has_alternative_tile (scene/resources/2d/tile_set.cpp:5437)
ERROR: TileSetAtlasSource has no tile at (0, 8).
   at: create_alternative_tile (scene/resources/2d/tile_set.cpp:5385)
ERROR: Cannot create tile. The tile is outside the texture or tiles are already present in the space the tile would cover.
   at: create_tile (scene/resources/2d/tile_set.cpp:4985)
ERROR: The TileSetAtlasSource atlas has no tile at (1, 8).
   at: has_alternative_tile (scene/resources/2d/tile_set.cpp:5437)
ERROR: TileSetAtlasSource has no tile at (1, 8).
   at: create_alternative_tile (scene/resources/2d/tile_set.cpp:5385)
ERROR: Cannot create tile. The tile is outside the texture or tiles are already present in the space the tile would cover.
   at: create_tile (scene/resources/2d/tile_set.cpp:4985)
ERROR: The TileSetAtlasSource atlas has no tile at (2, 8).
   at: has_alternative_tile (scene/resources/2d/tile_set.cpp:5437)
ERROR: TileSetAtlasSource has no tile at (2, 8).
   at: create_alternative_tile (scene/resources/2d/tile_set.cpp:5385)
ERROR: Cannot create tile. The tile is outside the texture or tiles are already present in the space the tile would cover.
   at: create_tile (scene/resources/2d/tile_set.cpp:4985)
ERROR: The TileSetAtlasSource atlas has no tile at (3, 8).
   at: has_alternative_tile (scene/resources/2d/tile_set.cpp:5437)
ERROR: TileSetAtlasSource has no tile at (3, 8).
   at: create_alternative_tile (scene/resources/2d/tile_set.cpp:5385)
ERROR: Cannot create tile. The tile is outside the texture or tiles are already present in the space the tile would cover.
   at: create_tile (scene/resources/2d/tile_set.cpp:4985)
ERROR: The TileSetAtlasSource atlas has no tile at (4, 8).
   at: has_alternative_tile (scene/resources/2d/tile_set.cpp:5437)
ERROR: TileSetAtlasSource has no tile at (4, 8).
   at: create_alternative_tile (scene/resources/2d/tile_set.cpp:5385)
ERROR: Cannot create tile. The tile is outside the texture or tiles are already present in the space the tile would cover.
   at: create_tile (scene/resources/2d/tile_set.cpp:4985)
ERROR: The TileSetAtlasSource atlas has no tile at (5, 8).
   at: has_alternative_tile (scene/resources/2d/tile_set.cpp:5437)
ERROR: TileSetAtlasSource has no tile at (5, 8).
   at: create_alternative_tile (scene/resources/2d/tile_set.cpp:5385)
ERROR: Cannot create tile. The tile is outside the texture or tiles are already present in the space the tile would cover.
   at: create_tile (scene/resources/2d/tile_set.cpp:4985)
ERROR: The TileSetAtlasSource atlas has no tile at (6, 8).
   at: has_alternative_tile (scene/resources/2d/tile_set.cpp:5437)
ERROR: TileSetAtlasSource has no tile at (6, 8).
   at: create_alternative_tile (scene/resources/2d/tile_set.cpp:5385)
ERROR: Cannot create tile. The tile is outside the texture or tiles are already present in the space the tile would cover.
   at: create_tile (scene/resources/2d/tile_set.cpp:4985)
ERROR: The TileSetAtlasSource atlas has no tile at (7, 8).
   at: has_alternative_tile (scene/resources/2d/tile_set.cpp:5437)
ERROR: TileSetAtlasSource has no tile at (7, 8).
   at: create_alternative_tile (scene/resources/2d/tile_set.cpp:5385)
ERROR: Cannot create tile. The tile is outside the texture or tiles are already present in the space the tile would cover.
   at: create_tile (scene/resources/2d/tile_set.cpp:4985)
ERROR: The TileSetAtlasSource atlas has no tile at (8, 8).
   at: has_alternative_tile (scene/resources/2d/tile_set.cpp:5437)
ERROR: TileSetAtlasSource has no tile at (8, 8).
   at: create_alternative_tile (scene/resources/2d/tile_set.cpp:5385)
ERROR: Cannot create tile. The tile is outside the texture or tiles are already present in the space the tile would cover.
   at: create_tile (scene/resources/2d/tile_set.cpp:4985)
ERROR: The TileSetAtlasSource atlas has no tile at (9, 8).
   at: has_alternative_tile (scene/resources/2d/tile_set.cpp:5437)
ERROR: TileSetAtlasSource has no tile at (9, 8).
   at: create_alternative_tile (scene/resources/2d/tile_set.cpp:5385)
ERROR: Cannot create tile. The tile is outside the texture or tiles are already present in the space the tile would cover.
   at: create_tile (scene/resources/2d/tile_set.cpp:4985)
ERROR: The TileSetAtlasSource atlas has no tile at (10, 8).
   at: has_alternative_tile (scene/resources/2d/tile_set.cpp:5437)
ERROR: TileSetAtlasSource has no tile at (10, 8).
   at: create_alternative_tile (scene/resources/2d/tile_set.cpp:5385)
ERROR: Cannot create tile. The tile is outside the texture or tiles are already present in the space the tile would cover.
   at: create_tile (scene/resources/2d/tile_set.cpp:4985)
ERROR: The TileSetAtlasSource atlas has no tile at (11, 8).
   at: has_alternative_tile (scene/resources/2d/tile_set.cpp:5437)
ERROR: TileSetAtlasSource has no tile at (11, 8).
   at: create_alternative_tile (scene/resources/2d/tile_set.cpp:5385)
ERROR: Cannot create tile. The tile is outside the texture or tiles are already present in the space the tile would cover.
   at: create_tile (scene/resources/2d/tile_set.cpp:4985)
ERROR: The TileSetAtlasSource atlas has no tile at (13, 8).
   at: has_alternative_tile (scene/resources/2d/tile_set.cpp:5437)
ERROR: TileSetAtlasSource has no tile at (13, 8).
   at: create_alternative_tile (scene/resources/2d/tile_set.cpp:5385)
ERROR: Cannot create tile. The tile is outside the texture or tiles are already present in the space the tile would cover.
   at: create_tile (scene/resources/2d/tile_set.cpp:4985)
ERROR: The TileSetAtlasSource atlas has no tile at (14, 8).
   at: has_alternative_tile (scene/resources/2d/tile_set.cpp:5437)
ERROR: TileSetAtlasSource has no tile at (14, 8).
   at: create_alternative_tile (scene/resources/2d/tile_set.cpp:5385)
ERROR: Cannot create tile. The tile is outside the texture or tiles are already present in the space the tile would cover.
   at: create_tile (scene/resources/2d/tile_set.cpp:4985)
ERROR: The TileSetAtlasSource atlas has no tile at (17, 8).
   at: has_alternative_tile (scene/resources/2d/tile_set.cpp:5437)
ERROR: TileSetAtlasSource has no tile at (17, 8).
   at: create_alternative_tile (scene/resources/2d/tile_set.cpp:5385)
ERROR: Cannot create tile. The tile is outside the texture or tiles are already present in the space the tile would cover.
   at: create_tile (scene/resources/2d/tile_set.cpp:4985)
ERROR: The TileSetAtlasSource atlas has no tile at (18, 8).
   at: has_alternative_tile (scene/resources/2d/tile_set.cpp:5437)
ERROR: TileSetAtlasSource has no tile at (18, 8).
   at: create_alternative_tile (scene/resources/2d/tile_set.cpp:5385)
ERROR: Cannot create tile. The tile is outside the texture or tiles are already present in the space the tile would cover.
   at: create_tile (scene/resources/2d/tile_set.cpp:4985)
ERROR: The TileSetAtlasSource atlas has no tile at (19, 8).
   at: has_alternative_tile (scene/resources/2d/tile_set.cpp:5437)
ERROR: TileSetAtlasSource has no tile at (19, 8).
   at: create_alternative_tile (scene/resources/2d/tile_set.cpp:5385)
ERROR: Cannot create tile. The tile is outside the texture or tiles are already present in the space the tile would cover.
   at: create_tile (scene/resources/2d/tile_set.cpp:4985)
ERROR: The TileSetAtlasSource atlas has no tile at (0, 9).
   at: has_alternative_tile (scene/resources/2d/tile_set.cpp:5437)
ERROR: TileSetAtlasSource has no tile at (0, 9).
   at: create_alternative_tile (scene/resources/2d/tile_set.cpp:5385)
ERROR: Cannot create tile. The tile is outside the texture or tiles are already present in the space the tile would cover.
   at: create_tile (scene/resources/2d/tile_set.cpp:4985)
ERROR: The TileSetAtlasSource atlas has no tile at (1, 9).
   at: has_alternative_tile (scene/resources/2d/tile_set.cpp:5437)
ERROR: TileSetAtlasSource has no tile at (1, 9).
   at: create_alternative_tile (scene/resources/2d/tile_set.cpp:5385)
ERROR: Cannot create tile. The tile is outside the texture or tiles are already present in the space the tile would cover.
   at: create_tile (scene/resources/2d/tile_set.cpp:4985)
ERROR: The TileSetAtlasSource atlas has no tile at (2, 9).
   at: has_alternative_tile (scene/resources/2d/tile_set.cpp:5437)
ERROR: TileSetAtlasSource has no tile at (2, 9).
   at: create_alternative_tile (scene/resources/2d/tile_set.cpp:5385)
ERROR: Cannot create tile. The tile is outside the texture or tiles are already present in the space the tile would cover.
   at: create_tile (scene/resources/2d/tile_set.cpp:4985)
ERROR: The TileSetAtlasSource atlas has no tile at (3, 9).
   at: has_alternative_tile (scene/resources/2d/tile_set.cpp:5437)
ERROR: TileSetAtlasSource has no tile at (3, 9).
   at: create_alternative_tile (scene/resources/2d/tile_set.cpp:5385)
ERROR: Cannot create tile. The tile is outside the texture or tiles are already present in the space the tile would cover.
   at: create_tile (scene/resources/2d/tile_set.cpp:4985)
ERROR: The TileSetAtlasSource atlas has no tile at (4, 9).
   at: has_alternative_tile (scene/resources/2d/tile_set.cpp:5437)
ERROR: TileSetAtlasSource has no tile at (4, 9).
   at: create_alternative_tile (scene/resources/2d/tile_set.cpp:5385)
ERROR: Cannot create tile. The tile is outside the texture or tiles are already present in the space the tile would cover.
   at: create_tile (scene/resources/2d/tile_set.cpp:4985)
ERROR: The TileSetAtlasSource atlas has no tile at (5, 9).
   at: has_alternative_tile (scene/resources/2d/tile_set.cpp:5437)
ERROR: TileSetAtlasSource has no tile at (5, 9).
   at: create_alternative_tile (scene/resources/2d/tile_set.cpp:5385)
ERROR: Cannot create tile. The tile is outside the texture or tiles are already present in the space the tile would cover.
   at: create_tile (scene/resources/2d/tile_set.cpp:4985)
ERROR: The TileSetAtlasSource atlas has no tile at (6, 9).
   at: has_alternative_tile (scene/resources/2d/tile_set.cpp:5437)
ERROR: TileSetAtlasSource has no tile at (6, 9).
   at: create_alternative_tile (scene/resources/2d/tile_set.cpp:5385)
ERROR: Cannot create tile. The tile is outside the texture or tiles are already present in the space the tile would cover.
   at: create_tile (scene/resources/2d/tile_set.cpp:4985)
ERROR: The TileSetAtlasSource atlas has no tile at (7, 9).
   at: has_alternative_tile (scene/resources/2d/tile_set.cpp:5437)
ERROR: TileSetAtlasSource has no tile at (7, 9).
   at: create_alternative_tile (scene/resources/2d/tile_set.cpp:5385)
ERROR: Cannot create tile. The tile is outside the texture or tiles are already present in the space the tile would cover.
   at: create_tile (scene/resources/2d/tile_set.cpp:4985)
ERROR: The TileSetAtlasSource atlas has no tile at (8, 9).
   at: has_alternative_tile (scene/resources/2d/tile_set.cpp:5437)
ERROR: TileSetAtlasSource has no tile at (8, 9).
   at: create_alternative_tile (scene/resources/2d/tile_set.cpp:5385)
ERROR: Cannot create tile. The tile is outside the texture or tiles are already present in the space the tile would cover.
   at: create_tile (scene/resources/2d/tile_set.cpp:4985)
ERROR: The TileSetAtlasSource atlas has no tile at (9, 9).
   at: has_alternative_tile (scene/resources/2d/tile_set.cpp:5437)
ERROR: TileSetAtlasSource has no tile at (9, 9).
   at: create_alternative_tile (scene/resources/2d/tile_set.cpp:5385)
ERROR: Cannot create tile. The tile is outside the texture or tiles are already present in the space the tile would cover.
   at: create_tile (scene/resources/2d/tile_set.cpp:4985)
ERROR: The TileSetAtlasSource atlas has no tile at (10, 9).
   at: has_alternative_tile (scene/resources/2d/tile_set.cpp:5437)
ERROR: TileSetAtlasSource has no tile at (10, 9).
   at: create_alternative_tile (scene/resources/2d/tile_set.cpp:5385)
ERROR: Cannot create tile. The tile is outside the texture or tiles are already present in the space the tile would cover.
   at: create_tile (scene/resources/2d/tile_set.cpp:4985)
ERROR: The TileSetAtlasSource atlas has no tile at (11, 9).
   at: has_alternative_tile (scene/resources/2d/tile_set.cpp:5437)
ERROR: TileSetAtlasSource has no tile at (11, 9).
   at: create_alternative_tile (scene/resources/2d/tile_set.cpp:5385)
ERROR: Cannot create tile. The tile is outside the texture or tiles are already present in the space the tile would cover.
   at: create_tile (scene/resources/2d/tile_set.cpp:4985)
ERROR: The TileSetAtlasSource atlas has no tile at (12, 9).
   at: has_alternative_tile (scene/resources/2d/tile_set.cpp:5437)
ERROR: TileSetAtlasSource has no tile at (12, 9).
   at: create_alternative_tile (scene/resources/2d/tile_set.cpp:5385)
ERROR: Cannot create tile. The tile is outside the texture or tiles are already present in the space the tile would cover.
   at: create_tile (scene/resources/2d/tile_set.cpp:4985)
ERROR: The TileSetAtlasSource atlas has no tile at (13, 9).
   at: has_alternative_tile (scene/resources/2d/tile_set.cpp:5437)
ERROR: TileSetAtlasSource has no tile at (13, 9).
   at: create_alternative_tile (scene/resources/2d/tile_set.cpp:5385)
ERROR: Cannot create tile. The tile is outside the texture or tiles are already present in the space the tile would cover.
   at: create_tile (scene/resources/2d/tile_set.cpp:4985)
ERROR: The TileSetAtlasSource atlas has no tile at (14, 9).
   at: has_alternative_tile (scene/resources/2d/tile_set.cpp:5437)
ERROR: TileSetAtlasSource has no tile at (14, 9).
   at: create_alternative_tile (scene/resources/2d/tile_set.cpp:5385)
ERROR: Cannot create tile. The tile is outside the texture or tiles are already present in the space the tile would cover.
   at: create_tile (scene/resources/2d/tile_set.cpp:4985)
ERROR: The TileSetAtlasSource atlas has no tile at (15, 9).
   at: has_alternative_tile (scene/resources/2d/tile_set.cpp:5437)
ERROR: TileSetAtlasSource has no tile at (15, 9).
   at: create_alternative_tile (scene/resources/2d/tile_set.cpp:5385)
ERROR: Cannot create tile. The tile is outside the texture or tiles are already present in the space the tile would cover.
   at: create_tile (scene/resources/2d/tile_set.cpp:4985)
ERROR: The TileSetAtlasSource atlas has no tile at (18, 9).
   at: has_alternative_tile (scene/resources/2d/tile_set.cpp:5437)
ERROR: TileSetAtlasSource has no tile at (18, 9).
   at: create_alternative_tile (scene/resources/2d/tile_set.cpp:5385)
ERROR: Cannot create tile. The tile is outside the texture or tiles are already present in the space the tile would cover.
   at: create_tile (scene/resources/2d/tile_set.cpp:4985)
ERROR: The TileSetAtlasSource atlas has no tile at (19, 9).
   at: has_alternative_tile (scene/resources/2d/tile_set.cpp:5437)
ERROR: TileSetAtlasSource has no tile at (19, 9).
   at: create_alternative_tile (scene/resources/2d/tile_set.cpp:5385)
ERROR: Cannot create tile. The tile is outside the texture or tiles are already present in the space the tile would cover.
   at: create_tile (scene/resources/2d/tile_set.cpp:4985)
ERROR: The TileSetAtlasSource atlas has no tile at (0, 10).
   at: has_alternative_tile (scene/resources/2d/tile_set.cpp:5437)
ERROR: TileSetAtlasSource has no tile at (0, 10).
   at: create_alternative_tile (scene/resources/2d/tile_set.cpp:5385)
ERROR: Cannot create tile. The tile is outside the texture or tiles are already present in the space the tile would cover.
   at: create_tile (scene/resources/2d/tile_set.cpp:4985)
ERROR: The TileSetAtlasSource atlas has no tile at (1, 10).
   at: has_alternative_tile (scene/resources/2d/tile_set.cpp:5437)
ERROR: TileSetAtlasSource has no tile at (1, 10).
   at: create_alternative_tile (scene/resources/2d/tile_set.cpp:5385)
ERROR: Cannot create tile. The tile is outside the texture or tiles are already present in the space the tile would cover.
   at: create_tile (scene/resources/2d/tile_set.cpp:4985)
ERROR: The TileSetAtlasSource atlas has no tile at (2, 10).
   at: has_alternative_tile (scene/resources/2d/tile_set.cpp:5437)
ERROR: TileSetAtlasSource has no tile at (2, 10).
   at: create_alternative_tile (scene/resources/2d/tile_set.cpp:5385)
ERROR: Cannot create tile. The tile is outside the texture or tiles are already present in the space the tile would cover.
   at: create_tile (scene/resources/2d/tile_set.cpp:4985)
ERROR: The TileSetAtlasSource atlas has no tile at (3, 10).
   at: has_alternative_tile (scene/resources/2d/tile_set.cpp:5437)
ERROR: TileSetAtlasSource has no tile at (3, 10).
   at: create_alternative_tile (scene/resources/2d/tile_set.cpp:5385)
ERROR: Cannot create tile. The tile is outside the texture or tiles are already present in the space the tile would cover.
   at: create_tile (scene/resources/2d/tile_set.cpp:4985)
ERROR: The TileSetAtlasSource atlas has no tile at (4, 10).
   at: has_alternative_tile (scene/resources/2d/tile_set.cpp:5437)
ERROR: TileSetAtlasSource has no tile at (4, 10).
   at: create_alternative_tile (scene/resources/2d/tile_set.cpp:5385)
ERROR: Cannot create tile. The tile is outside the texture or tiles are already present in the space the tile would cover.
   at: create_tile (scene/resources/2d/tile_set.cpp:4985)
ERROR: The TileSetAtlasSource atlas has no tile at (5, 10).
   at: has_alternative_tile (scene/resources/2d/tile_set.cpp:5437)
ERROR: TileSetAtlasSource has no tile at (5, 10).
   at: create_alternative_tile (scene/resources/2d/tile_set.cpp:5385)
ERROR: Cannot create tile. The tile is outside the texture or tiles are already present in the space the tile would cover.
   at: create_tile (scene/resources/2d/tile_set.cpp:4985)
ERROR: The TileSetAtlasSource atlas has no tile at (6, 10).
   at: has_alternative_tile (scene/resources/2d/tile_set.cpp:5437)
ERROR: TileSetAtlasSource has no tile at (6, 10).
   at: create_alternative_tile (scene/resources/2d/tile_set.cpp:5385)
ERROR: Cannot create tile. The tile is outside the texture or tiles are already present in the space the tile would cover.
   at: create_tile (scene/resources/2d/tile_set.cpp:4985)
ERROR: The TileSetAtlasSource atlas has no tile at (7, 10).
   at: has_alternative_tile (scene/resources/2d/tile_set.cpp:5437)
ERROR: TileSetAtlasSource has no tile at (7, 10).
   at: create_alternative_tile (scene/resources/2d/tile_set.cpp:5385)
ERROR: Cannot create tile. The tile is outside the texture or tiles are already present in the space the tile would cover.
   at: create_tile (scene/resources/2d/tile_set.cpp:4985)
ERROR: The TileSetAtlasSource atlas has no tile at (8, 10).
   at: has_alternative_tile (scene/resources/2d/tile_set.cpp:5437)
ERROR: TileSetAtlasSource has no tile at (8, 10).
   at: create_alternative_tile (scene/resources/2d/tile_set.cpp:5385)
ERROR: Cannot create tile. The tile is outside the texture or tiles are already present in the space the tile would cover.
   at: create_tile (scene/resources/2d/tile_set.cpp:4985)
ERROR: The TileSetAtlasSource atlas has no tile at (9, 10).
   at: has_alternative_tile (scene/resources/2d/tile_set.cpp:5437)
ERROR: TileSetAtlasSource has no tile at (9, 10).
   at: create_alternative_tile (scene/resources/2d/tile_set.cpp:5385)
ERROR: Cannot create tile. The tile is outside the texture or tiles are already present in the space the tile would cover.
   at: create_tile (scene/resources/2d/tile_set.cpp:4985)
ERROR: The TileSetAtlasSource atlas has no tile at (10, 10).
   at: has_alternative_tile (scene/resources/2d/tile_set.cpp:5437)
ERROR: TileSetAtlasSource has no tile at (10, 10).
   at: create_alternative_tile (scene/resources/2d/tile_set.cpp:5385)
ERROR: Cannot create tile. The tile is outside the texture or tiles are already present in the space the tile would cover.
   at: create_tile (scene/resources/2d/tile_set.cpp:4985)
ERROR: The TileSetAtlasSource atlas has no tile at (11, 10).
   at: has_alternative_tile (scene/resources/2d/tile_set.cpp:5437)
ERROR: TileSetAtlasSource has no tile at (11, 10).
   at: create_alternative_tile (scene/resources/2d/tile_set.cpp:5385)
ERROR: Cannot create tile. The tile is outside the texture or tiles are already present in the space the tile would cover.
   at: create_tile (scene/resources/2d/tile_set.cpp:4985)
ERROR: The TileSetAtlasSource atlas has no tile at (12, 10).
   at: has_alternative_tile (scene/resources/2d/tile_set.cpp:5437)
ERROR: TileSetAtlasSource has no tile at (12, 10).
   at: create_alternative_tile (scene/resources/2d/tile_set.cpp:5385)
ERROR: Cannot create tile. The tile is outside the texture or tiles are already present in the space the tile would cover.
   at: create_tile (scene/resources/2d/tile_set.cpp:4985)
ERROR: The TileSetAtlasSource atlas has no tile at (13, 10).
   at: has_alternative_tile (scene/resources/2d/tile_set.cpp:5437)
ERROR: TileSetAtlasSource has no tile at (13, 10).
   at: create_alternative_tile (scene/resources/2d/tile_set.cpp:5385)
ERROR: Cannot create tile. The tile is outside the texture or tiles are already present in the space the tile would cover.
   at: create_tile (scene/resources/2d/tile_set.cpp:4985)
ERROR: The TileSetAtlasSource atlas has no tile at (14, 10).
   at: has_alternative_tile (scene/resources/2d/tile_set.cpp:5437)
ERROR: TileSetAtlasSource has no tile at (14, 10).
   at: create_alternative_tile (scene/resources/2d/tile_set.cpp:5385)
ERROR: Cannot create tile. The tile is outside the texture or tiles are already present in the space the tile would cover.
   at: create_tile (scene/resources/2d/tile_set.cpp:4985)
ERROR: The TileSetAtlasSource atlas has no tile at (15, 10).
   at: has_alternative_tile (scene/resources/2d/tile_set.cpp:5437)
ERROR: TileSetAtlasSource has no tile at (15, 10).
   at: create_alternative_tile (scene/resources/2d/tile_set.cpp:5385)
ERROR: Cannot create tile. The tile is outside the texture or tiles are already present in the space the tile would cover.
   at: create_tile (scene/resources/2d/tile_set.cpp:4985)
ERROR: The TileSetAtlasSource atlas has no tile at (16, 10).
   at: has_alternative_tile (scene/resources/2d/tile_set.cpp:5437)
ERROR: TileSetAtlasSource has no tile at (16, 10).
   at: create_alternative_tile (scene/resources/2d/tile_set.cpp:5385)
ERROR: Cannot create tile. The tile is outside the texture or tiles are already present in the space the tile would cover.
   at: create_tile (scene/resources/2d/tile_set.cpp:4985)
ERROR: The TileSetAtlasSource atlas has no tile at (18, 10).
   at: has_alternative_tile (scene/resources/2d/tile_set.cpp:5437)
ERROR: TileSetAtlasSource has no tile at (18, 10).
   at: create_alternative_tile (scene/resources/2d/tile_set.cpp:5385)
ERROR: Cannot create tile. The tile is outside the texture or tiles are already present in the space the tile would cover.
   at: create_tile (scene/resources/2d/tile_set.cpp:4985)
ERROR: The TileSetAtlasSource atlas has no tile at (19, 10).
   at: has_alternative_tile (scene/resources/2d/tile_set.cpp:5437)
ERROR: TileSetAtlasSource has no tile at (19, 10).
   at: create_alternative_tile (scene/resources/2d/tile_set.cpp:5385)
ERROR: Cannot create tile. The tile is outside the texture or tiles are already present in the space the tile would cover.
   at: create_tile (scene/resources/2d/tile_set.cpp:4985)
ERROR: The TileSetAtlasSource atlas has no tile at (0, 11).
   at: has_alternative_tile (scene/resources/2d/tile_set.cpp:5437)
ERROR: TileSetAtlasSource has no tile at (0, 11).
   at: create_alternative_tile (scene/resources/2d/tile_set.cpp:5385)
ERROR: Cannot create tile. The tile is outside the texture or tiles are already present in the space the tile would cover.
   at: create_tile (scene/resources/2d/tile_set.cpp:4985)
ERROR: The TileSetAtlasSource atlas has no tile at (1, 11).
   at: has_alternative_tile (scene/resources/2d/tile_set.cpp:5437)
ERROR: TileSetAtlasSource has no tile at (1, 11).
   at: create_alternative_tile (scene/resources/2d/tile_set.cpp:5385)
ERROR: Cannot create tile. The tile is outside the texture or tiles are already present in the space the tile would cover.
   at: create_tile (scene/resources/2d/tile_set.cpp:4985)
ERROR: The TileSetAtlasSource atlas has no tile at (2, 11).
   at: has_alternative_tile (scene/resources/2d/tile_set.cpp:5437)
ERROR: TileSetAtlasSource has no tile at (2, 11).
   at: create_alternative_tile (scene/resources/2d/tile_set.cpp:5385)
ERROR: Cannot create tile. The tile is outside the texture or tiles are already present in the space the tile would cover.
   at: create_tile (scene/resources/2d/tile_set.cpp:4985)
ERROR: The TileSetAtlasSource atlas has no tile at (3, 11).
   at: has_alternative_tile (scene/resources/2d/tile_set.cpp:5437)
ERROR: TileSetAtlasSource has no tile at (3, 11).
   at: create_alternative_tile (scene/resources/2d/tile_set.cpp:5385)
ERROR: Cannot create tile. The tile is outside the texture or tiles are already present in the space the tile would cover.
   at: create_tile (scene/resources/2d/tile_set.cpp:4985)
ERROR: The TileSetAtlasSource atlas has no tile at (4, 11).
   at: has_alternative_tile (scene/resources/2d/tile_set.cpp:5437)
ERROR: TileSetAtlasSource has no tile at (4, 11).
   at: create_alternative_tile (scene/resources/2d/tile_set.cpp:5385)
ERROR: Cannot create tile. The tile is outside the texture or tiles are already present in the space the tile would cover.
   at: create_tile (scene/resources/2d/tile_set.cpp:4985)
ERROR: The TileSetAtlasSource atlas has no tile at (5, 11).
   at: has_alternative_tile (scene/resources/2d/tile_set.cpp:5437)
ERROR: TileSetAtlasSource has no tile at (5, 11).
   at: create_alternative_tile (scene/resources/2d/tile_set.cpp:5385)
ERROR: Cannot create tile. The tile is outside the texture or tiles are already present in the space the tile would cover.
   at: create_tile (scene/resources/2d/tile_set.cpp:4985)
ERROR: The TileSetAtlasSource atlas has no tile at (6, 11).
   at: has_alternative_tile (scene/resources/2d/tile_set.cpp:5437)
ERROR: TileSetAtlasSource has no tile at (6, 11).
   at: create_alternative_tile (scene/resources/2d/tile_set.cpp:5385)
ERROR: Cannot create tile. The tile is outside the texture or tiles are already present in the space the tile would cover.
   at: create_tile (scene/resources/2d/tile_set.cpp:4985)
ERROR: The TileSetAtlasSource atlas has no tile at (7, 11).
   at: has_alternative_tile (scene/resources/2d/tile_set.cpp:5437)
ERROR: TileSetAtlasSource has no tile at (7, 11).
   at: create_alternative_tile (scene/resources/2d/tile_set.cpp:5385)
ERROR: Cannot create tile. The tile is outside the texture or tiles are already present in the space the tile would cover.
   at: create_tile (scene/resources/2d/tile_set.cpp:4985)
ERROR: The TileSetAtlasSource atlas has no tile at (8, 11).
   at: has_alternative_tile (scene/resources/2d/tile_set.cpp:5437)
ERROR: TileSetAtlasSource has no tile at (8, 11).
   at: create_alternative_tile (scene/resources/2d/tile_set.cpp:5385)
ERROR: Cannot create tile. The tile is outside the texture or tiles are already present in the space the tile would cover.
   at: create_tile (scene/resources/2d/tile_set.cpp:4985)
ERROR: The TileSetAtlasSource atlas has no tile at (9, 11).
   at: has_alternative_tile (scene/resources/2d/tile_set.cpp:5437)
ERROR: TileSetAtlasSource has no tile at (9, 11).
   at: create_alternative_tile (scene/resources/2d/tile_set.cpp:5385)
ERROR: Cannot create tile. The tile is outside the texture or tiles are already present in the space the tile would cover.
   at: create_tile (scene/resources/2d/tile_set.cpp:4985)
ERROR: The TileSetAtlasSource atlas has no tile at (10, 11).
   at: has_alternative_tile (scene/resources/2d/tile_set.cpp:5437)
ERROR: TileSetAtlasSource has no tile at (10, 11).
   at: create_alternative_tile (scene/resources/2d/tile_set.cpp:5385)
ERROR: Cannot create tile. The tile is outside the texture or tiles are already present in the space the tile would cover.
   at: create_tile (scene/resources/2d/tile_set.cpp:4985)
ERROR: The TileSetAtlasSource atlas has no tile at (11, 11).
   at: has_alternative_tile (scene/resources/2d/tile_set.cpp:5437)
ERROR: TileSetAtlasSource has no tile at (11, 11).
   at: create_alternative_tile (scene/resources/2d/tile_set.cpp:5385)
ERROR: Cannot create tile. The tile is outside the texture or tiles are already present in the space the tile would cover.
   at: create_tile (scene/resources/2d/tile_set.cpp:4985)
ERROR: The TileSetAtlasSource atlas has no tile at (12, 11).
   at: has_alternative_tile (scene/resources/2d/tile_set.cpp:5437)
ERROR: TileSetAtlasSource has no tile at (12, 11).
   at: create_alternative_tile (scene/resources/2d/tile_set.cpp:5385)
ERROR: Cannot create tile. The tile is outside the texture or tiles are already present in the space the tile would cover.
   at: create_tile (scene/resources/2d/tile_set.cpp:4985)
ERROR: The TileSetAtlasSource atlas has no tile at (13, 11).
   at: has_alternative_tile (scene/resources/2d/tile_set.cpp:5437)
ERROR: TileSetAtlasSource has no tile at (13, 11).
   at: create_alternative_tile (scene/resources/2d/tile_set.cpp:5385)
ERROR: Cannot create tile. The tile is outside the texture or tiles are already present in the space the tile would cover.
   at: create_tile (scene/resources/2d/tile_set.cpp:4985)
ERROR: The TileSetAtlasSource atlas has no tile at (14, 11).
   at: has_alternative_tile (scene/resources/2d/tile_set.cpp:5437)
ERROR: TileSetAtlasSource has no tile at (14, 11).
   at: create_alternative_tile (scene/resources/2d/tile_set.cpp:5385)
ERROR: Cannot create tile. The tile is outside the texture or tiles are already present in the space the tile would cover.
   at: create_tile (scene/resources/2d/tile_set.cpp:4985)
ERROR: The TileSetAtlasSource atlas has no tile at (18, 11).
   at: has_alternative_tile (scene/resources/2d/tile_set.cpp:5437)
ERROR: TileSetAtlasSource has no tile at (18, 11).
   at: create_alternative_tile (scene/resources/2d/tile_set.cpp:5385)
ERROR: Cannot create tile. The tile is outside the texture or tiles are already present in the space the tile would cover.
   at: create_tile (scene/resources/2d/tile_set.cpp:4985)
ERROR: The TileSetAtlasSource atlas has no tile at (19, 11).
   at: has_alternative_tile (scene/resources/2d/tile_set.cpp:5437)
ERROR: TileSetAtlasSource has no tile at (19, 11).
   at: create_alternative_tile (scene/resources/2d/tile_set.cpp:5385)
ERROR: Cannot create tile. The tile is outside the texture or tiles are already present in the space the tile would cover.
   at: create_tile (scene/resources/2d/tile_set.cpp:4985)
ERROR: The TileSetAtlasSource atlas has no tile at (15, 11).
   at: has_alternative_tile (scene/resources/2d/tile_set.cpp:5437)
ERROR: TileSetAtlasSource has no tile at (15, 11).
   at: create_alternative_tile (scene/resources/2d/tile_set.cpp:5385)
ERROR: Cannot create tile. The tile is outside the texture or tiles are already present in the space the tile would cover.
   at: create_tile (scene/resources/2d/tile_set.cpp:4985)
ERROR: The TileSetAtlasSource atlas has no tile at (16, 11).
   at: has_alternative_tile (scene/resources/2d/tile_set.cpp:5437)
ERROR: TileSetAtlasSource has no tile at (16, 11).
   at: create_alternative_tile (scene/resources/2d/tile_set.cpp:5385)
ERROR: Cannot create tile. The tile is outside the texture or tiles are already present in the space the tile would cover.
   at: create_tile (scene/resources/2d/tile_set.cpp:4985)
ERROR: The TileSetAtlasSource atlas has no tile at (17, 11).
   at: has_alternative_tile (scene/resources/2d/tile_set.cpp:5437)
ERROR: TileSetAtlasSource has no tile at (17, 11).
   at: create_alternative_tile (scene/resources/2d/tile_set.cpp:5385)
ERROR: Cannot create tile. The tile is outside the texture or tiles are already present in the space the tile would cover.
   at: create_tile (scene/resources/2d/tile_set.cpp:4985)
ERROR: The TileSetAtlasSource atlas has no tile at (17, 10).
   at: has_alternative_tile (scene/resources/2d/tile_set.cpp:5437)
ERROR: TileSetAtlasSource has no tile at (17, 10).
   at: create_alternative_tile (scene/resources/2d/tile_set.cpp:5385)
ERROR: Cannot create tile. The tile is outside the texture or tiles are already present in the space the tile would cover.
   at: create_tile (scene/resources/2d/tile_set.cpp:4985)
ERROR: The TileSetAtlasSource atlas has no tile at (15, 8).
   at: has_alternative_tile (scene/resources/2d/tile_set.cpp:5437)
ERROR: TileSetAtlasSource has no tile at (15, 8).
   at: create_alternative_tile (scene/resources/2d/tile_set.cpp:5385)
ERROR: Cannot create tile. The tile is outside the texture or tiles are already present in the space the tile would cover.
   at: create_tile (scene/resources/2d/tile_set.cpp:4985)
ERROR: The TileSetAtlasSource atlas has no tile at (16, 8).
   at: has_alternative_tile (scene/resources/2d/tile_set.cpp:5437)
ERROR: TileSetAtlasSource has no tile at (16, 8).
   at: create_alternative_tile (scene/resources/2d/tile_set.cpp:5385)
ERROR: Cannot create tile. The tile is outside the texture or tiles are already present in the space the tile would cover.
   at: create_tile (scene/resources/2d/tile_set.cpp:4985)
ERROR: The TileSetAtlasSource atlas has no tile at (17, 9).
   at: has_alternative_tile (scene/resources/2d/tile_set.cpp:5437)
ERROR: TileSetAtlasSource has no tile at (17, 9).
   at: create_alternative_tile (scene/resources/2d/tile_set.cpp:5385)
ERROR: Cannot create tile. The tile is outside the texture or tiles are already present in the space the tile would cover.
   at: create_tile (scene/resources/2d/tile_set.cpp:4985)
ERROR: The TileSetAtlasSource atlas has no tile at (16, 9).
   at: has_alternative_tile (scene/resources/2d/tile_set.cpp:5437)
ERROR: TileSetAtlasSource has no tile at (16, 9).
   at: create_alternative_tile (scene/resources/2d/tile_set.cpp:5385)
ERROR: Cannot create tile. The tile is outside the texture or tiles are already present in the space the tile would cover.
   at: create_tile (scene/resources/2d/tile_set.cpp:4985)
ERROR: The TileSetAtlasSource atlas has no tile at (16, 7).
   at: has_alternative_tile (scene/resources/2d/tile_set.cpp:5437)
ERROR: TileSetAtlasSource has no tile at (16, 7).
   at: create_alternative_tile (scene/resources/2d/tile_set.cpp:5385)
ERROR: Cannot create tile. The tile is outside the texture or tiles are already present in the space the tile would cover.
   at: create_tile (scene/resources/2d/tile_set.cpp:4985)
ERROR: The TileSetAtlasSource atlas has no tile at (12, 8).
   at: has_alternative_tile (scene/resources/2d/tile_set.cpp:5437)
ERROR: TileSetAtlasSource has no tile at (12, 8).
   at: create_alternative_tile (scene/resources/2d/tile_set.cpp:5385)
ERROR: The Image width specified (0 pixels) must be greater than 0 pixels.
   at: initialize_data (core/io/image.cpp:2389)
ERROR: Invalid image: image is empty
   at: create_from_image (scene/resources/image_texture.cpp:58)
